SELECTED SNAPSHOTS FROM TRAJECTORY FILE
T1                0.00096755
T2                6.09558768
SNAPSHOTS               2000
ATOMS                    192
UNIT CELL     
   12.42959911     0.00000000     0.00000000
    0.00000000    12.42959911     0.00000000
    0.00000000     0.00000000    12.42959911
------------------------------------------------------------------------------------
TIME          0.00096755    ITERATION     8             
NAME          ID            INDEX                      X             Y             Z
H_0           H_            1                 7.91408943    0.19515999    7.03327950
...
H_126         H_            127               6.20374956    9.30251933    4.52758968
O_7           O_            128              11.32853919    1.66152988    1.32311991
...
O_42          O_            191               0.61916996    2.76076980    4.25069970
MN0           MN            192               4.16937970    7.59571946    4.94350965
------------------------------------------------------------------------------------
TIME          0.00399116    ITERATION     33            
NAME          ID            INDEX                      X             Y             Z
H_0           H_            1                 7.91408943    0.19515999    7.03327950
...
H_126         H_            127               6.20374956    9.30251933    4.52758968
O_7           O_            128              11.32853919    1.66152988    1.32311991
...
O_42          O_            191               0.61916996    2.76076980    4.25069970
MN0           MN            192               4.16937970    7.59571946    4.94350965
------------------------------------------------------------------------------------

...
