SELECTED SNAPSHOTS FROM TRAJECTORY FILE
T1                0.00012094
T2               14.56325395
SNAPSHOTS               1000
ATOMS                    193
UNIT CELL     
   12.42959911     0.00000000     0.00000000
    0.00000000    12.42959911     0.00000000
    0.00000000     0.00000000    12.42959911
------------------------------------------------------------------------------------
TIME          0.00012094    ITERATION     1             
NAME          ID            INDEX                      X             Y             Z
H_0           H_            1                 7.10222949    8.57026939    5.55092960
...
H_127         H_            128               5.67375959    6.53968953    3.70842973
O_8           O_            129               9.69160931    4.98455964    6.88164951
...
O_28          O_            192               4.29107969    0.92039993    0.63130995
MN0           MN            193               3.90303972    4.61530967    4.91739965
------------------------------------------------------------------------------------
TIME          0.01475519    ITERATION     122           
NAME          ID            INDEX                      X             Y             Z
H_0           H_            1                 7.10222949    8.57026939    5.55092960
...
H_127         H_            128               5.67375959    6.53968953    3.70842973
O_8           O_            129               9.69160931    4.98455964    6.88164951
...
O_28          O_            192               4.29107969    0.92039993    0.63130995
MN0           MN            193               3.90303972    4.61530967    4.91739965
------------------------------------------------------------------------------------

...
